

================================================================
== Vitis HLS Report for 'nnlayer_Pipeline_VITIS_LOOP_16_1'
================================================================
* Date:           Thu Apr  7 00:04:07 2022

* Version:        2021.2 (Build 3367213 on Tue Oct 19 02:48:09 MDT 2021)
* Project:        HLS_Project
* Solution:       solution1 (Vivado IP Flow Target)
* Product family: zynq
* Target device:  xc7z020-clg484-1


================================================================
== Performance Estimates
================================================================
+ Timing: 
    * Summary: 
    +--------+----------+----------+------------+
    |  Clock |  Target  | Estimated| Uncertainty|
    +--------+----------+----------+------------+
    |ap_clk  |  10.00 ns|  3.503 ns|     1.25 ns|
    +--------+----------+----------+------------+

+ Latency: 
    * Summary: 
    +---------+---------+-----------+----------+-----+-----+---------+
    |  Latency (cycles) |  Latency (absolute)  |  Interval | Pipeline|
    |   min   |   max   |    min    |    max   | min | max |   Type  |
    +---------+---------+-----------+----------+-----+-----+---------+
    |        2|      257|  20.000 ns|  2.570 us|    2|  257|       no|
    +---------+---------+-----------+----------+-----+-----+---------+

    + Detail: 
        * Instance: 
        N/A

        * Loop: 
        +-------------------+---------+---------+----------+-----------+-----------+---------+----------+
        |                   |  Latency (cycles) | Iteration|  Initiation Interval  |   Trip  |          |
        |     Loop Name     |   min   |   max   |  Latency |  achieved |   target  |  Count  | Pipelined|
        +-------------------+---------+---------+----------+-----------+-----------+---------+----------+
        |- VITIS_LOOP_16_1  |        0|      255|         2|          1|          1|  0 ~ 255|       yes|
        +-------------------+---------+---------+----------+-----------+-----------+---------+----------+



================================================================
== Utilization Estimates
================================================================
* Summary: 
+-----------------+---------+-----+--------+-------+-----+
|       Name      | BRAM_18K| DSP |   FF   |  LUT  | URAM|
+-----------------+---------+-----+--------+-------+-----+
|DSP              |        -|    -|       -|      -|    -|
|Expression       |        -|    -|       0|    284|    -|
|FIFO             |        -|    -|       -|      -|    -|
|Instance         |        -|    -|       -|      -|    -|
|Memory           |        -|    -|       -|      -|    -|
|Multiplexer      |        -|    -|       -|   1828|    -|
|Register         |        -|    -|      18|      -|    -|
+-----------------+---------+-----+--------+-------+-----+
|Total            |        0|    0|      18|   2112|    0|
+-----------------+---------+-----+--------+-------+-----+
|Available        |      280|  220|  106400|  53200|    0|
+-----------------+---------+-----+--------+-------+-----+
|Utilization (%)  |        0|    0|      ~0|      3|    0|
+-----------------+---------+-----+--------+-------+-----+

+ Detail: 
    * Instance: 
    N/A

    * DSP: 
    N/A

    * Memory: 
    N/A

    * FIFO: 
    N/A

    * Expression: 
    +----------------------+----------+----+---+----+------------+------------+
    |     Variable Name    | Operation| DSP| FF| LUT| Bitwidth P0| Bitwidth P1|
    +----------------------+----------+----+---+----+------------+------------+
    |i_3_fu_1737_p2        |         +|   0|  0|  15|           8|           1|
    |ap_condition_1552     |       and|   0|  0|   2|           1|           1|
    |ap_condition_1555     |       and|   0|  0|   2|           1|           1|
    |ap_condition_1558     |       and|   0|  0|   2|           1|           1|
    |ap_condition_1561     |       and|   0|  0|   2|           1|           1|
    |ap_condition_1564     |       and|   0|  0|   2|           1|           1|
    |ap_condition_1567     |       and|   0|  0|   2|           1|           1|
    |ap_condition_1570     |       and|   0|  0|   2|           1|           1|
    |ap_condition_1573     |       and|   0|  0|   2|           1|           1|
    |ap_condition_1576     |       and|   0|  0|   2|           1|           1|
    |ap_condition_1579     |       and|   0|  0|   2|           1|           1|
    |ap_condition_1582     |       and|   0|  0|   2|           1|           1|
    |ap_condition_1585     |       and|   0|  0|   2|           1|           1|
    |ap_condition_1588     |       and|   0|  0|   2|           1|           1|
    |ap_condition_1591     |       and|   0|  0|   2|           1|           1|
    |ap_condition_1594     |       and|   0|  0|   2|           1|           1|
    |ap_condition_1597     |       and|   0|  0|   2|           1|           1|
    |ap_condition_1600     |       and|   0|  0|   2|           1|           1|
    |ap_condition_1603     |       and|   0|  0|   2|           1|           1|
    |ap_condition_1606     |       and|   0|  0|   2|           1|           1|
    |ap_condition_1609     |       and|   0|  0|   2|           1|           1|
    |ap_condition_1612     |       and|   0|  0|   2|           1|           1|
    |ap_condition_1615     |       and|   0|  0|   2|           1|           1|
    |ap_condition_1618     |       and|   0|  0|   2|           1|           1|
    |ap_condition_1621     |       and|   0|  0|   2|           1|           1|
    |ap_condition_1624     |       and|   0|  0|   2|           1|           1|
    |ap_condition_1627     |       and|   0|  0|   2|           1|           1|
    |ap_condition_1630     |       and|   0|  0|   2|           1|           1|
    |ap_condition_1633     |       and|   0|  0|   2|           1|           1|
    |ap_condition_1636     |       and|   0|  0|   2|           1|           1|
    |ap_condition_1639     |       and|   0|  0|   2|           1|           1|
    |ap_condition_1642     |       and|   0|  0|   2|           1|           1|
    |ap_condition_1645     |       and|   0|  0|   2|           1|           1|
    |ap_condition_1648     |       and|   0|  0|   2|           1|           1|
    |ap_condition_1651     |       and|   0|  0|   2|           1|           1|
    |ap_condition_1654     |       and|   0|  0|   2|           1|           1|
    |ap_condition_1657     |       and|   0|  0|   2|           1|           1|
    |ap_condition_1660     |       and|   0|  0|   2|           1|           1|
    |ap_condition_1663     |       and|   0|  0|   2|           1|           1|
    |ap_condition_1666     |       and|   0|  0|   2|           1|           1|
    |ap_condition_1669     |       and|   0|  0|   2|           1|           1|
    |ap_condition_1672     |       and|   0|  0|   2|           1|           1|
    |ap_condition_1675     |       and|   0|  0|   2|           1|           1|
    |ap_condition_1678     |       and|   0|  0|   2|           1|           1|
    |ap_condition_1681     |       and|   0|  0|   2|           1|           1|
    |ap_condition_1684     |       and|   0|  0|   2|           1|           1|
    |ap_condition_1687     |       and|   0|  0|   2|           1|           1|
    |ap_condition_1690     |       and|   0|  0|   2|           1|           1|
    |ap_condition_1693     |       and|   0|  0|   2|           1|           1|
    |ap_condition_1696     |       and|   0|  0|   2|           1|           1|
    |ap_condition_1699     |       and|   0|  0|   2|           1|           1|
    |ap_condition_1702     |       and|   0|  0|   2|           1|           1|
    |ap_condition_1705     |       and|   0|  0|   2|           1|           1|
    |ap_condition_1708     |       and|   0|  0|   2|           1|           1|
    |ap_condition_1711     |       and|   0|  0|   2|           1|           1|
    |ap_condition_1714     |       and|   0|  0|   2|           1|           1|
    |ap_condition_1717     |       and|   0|  0|   2|           1|           1|
    |ap_condition_1720     |       and|   0|  0|   2|           1|           1|
    |ap_condition_1723     |       and|   0|  0|   2|           1|           1|
    |ap_condition_1726     |       and|   0|  0|   2|           1|           1|
    |ap_condition_1729     |       and|   0|  0|   2|           1|           1|
    |ap_condition_1732     |       and|   0|  0|   2|           1|           1|
    |ap_condition_1735     |       and|   0|  0|   2|           1|           1|
    |ap_condition_1738     |       and|   0|  0|   2|           1|           1|
    |ap_condition_1741     |       and|   0|  0|   2|           1|           1|
    |ap_condition_1744     |       and|   0|  0|   2|           1|           1|
    |ap_condition_1747     |       and|   0|  0|   2|           1|           1|
    |ap_condition_1750     |       and|   0|  0|   2|           1|           1|
    |ap_condition_1753     |       and|   0|  0|   2|           1|           1|
    |ap_condition_1756     |       and|   0|  0|   2|           1|           1|
    |ap_condition_1759     |       and|   0|  0|   2|           1|           1|
    |ap_condition_1762     |       and|   0|  0|   2|           1|           1|
    |ap_condition_1765     |       and|   0|  0|   2|           1|           1|
    |ap_condition_1768     |       and|   0|  0|   2|           1|           1|
    |ap_condition_1771     |       and|   0|  0|   2|           1|           1|
    |ap_condition_1774     |       and|   0|  0|   2|           1|           1|
    |ap_condition_1777     |       and|   0|  0|   2|           1|           1|
    |ap_condition_1780     |       and|   0|  0|   2|           1|           1|
    |ap_condition_1783     |       and|   0|  0|   2|           1|           1|
    |ap_condition_1786     |       and|   0|  0|   2|           1|           1|
    |ap_condition_1789     |       and|   0|  0|   2|           1|           1|
    |ap_condition_1792     |       and|   0|  0|   2|           1|           1|
    |ap_condition_1795     |       and|   0|  0|   2|           1|           1|
    |ap_condition_1798     |       and|   0|  0|   2|           1|           1|
    |ap_condition_1801     |       and|   0|  0|   2|           1|           1|
    |ap_condition_1804     |       and|   0|  0|   2|           1|           1|
    |ap_condition_1807     |       and|   0|  0|   2|           1|           1|
    |ap_condition_1810     |       and|   0|  0|   2|           1|           1|
    |ap_condition_1813     |       and|   0|  0|   2|           1|           1|
    |ap_condition_1816     |       and|   0|  0|   2|           1|           1|
    |ap_condition_1819     |       and|   0|  0|   2|           1|           1|
    |ap_condition_1822     |       and|   0|  0|   2|           1|           1|
    |ap_condition_1825     |       and|   0|  0|   2|           1|           1|
    |ap_condition_1828     |       and|   0|  0|   2|           1|           1|
    |ap_condition_1831     |       and|   0|  0|   2|           1|           1|
    |ap_condition_1834     |       and|   0|  0|   2|           1|           1|
    |ap_condition_1837     |       and|   0|  0|   2|           1|           1|
    |ap_condition_1840     |       and|   0|  0|   2|           1|           1|
    |ap_condition_1843     |       and|   0|  0|   2|           1|           1|
    |ap_condition_1846     |       and|   0|  0|   2|           1|           1|
    |ap_condition_1849     |       and|   0|  0|   2|           1|           1|
    |ap_condition_1852     |       and|   0|  0|   2|           1|           1|
    |ap_condition_1855     |       and|   0|  0|   2|           1|           1|
    |ap_condition_1858     |       and|   0|  0|   2|           1|           1|
    |ap_condition_1861     |       and|   0|  0|   2|           1|           1|
    |ap_condition_1864     |       and|   0|  0|   2|           1|           1|
    |ap_condition_1867     |       and|   0|  0|   2|           1|           1|
    |ap_condition_1870     |       and|   0|  0|   2|           1|           1|
    |ap_condition_1873     |       and|   0|  0|   2|           1|           1|
    |ap_condition_1876     |       and|   0|  0|   2|           1|           1|
    |ap_condition_1879     |       and|   0|  0|   2|           1|           1|
    |ap_condition_1882     |       and|   0|  0|   2|           1|           1|
    |ap_condition_1885     |       and|   0|  0|   2|           1|           1|
    |ap_condition_1888     |       and|   0|  0|   2|           1|           1|
    |ap_condition_1891     |       and|   0|  0|   2|           1|           1|
    |ap_condition_1894     |       and|   0|  0|   2|           1|           1|
    |ap_condition_1897     |       and|   0|  0|   2|           1|           1|
    |ap_condition_1900     |       and|   0|  0|   2|           1|           1|
    |ap_condition_1903     |       and|   0|  0|   2|           1|           1|
    |ap_condition_1906     |       and|   0|  0|   2|           1|           1|
    |ap_condition_1909     |       and|   0|  0|   2|           1|           1|
    |ap_condition_1912     |       and|   0|  0|   2|           1|           1|
    |ap_condition_1915     |       and|   0|  0|   2|           1|           1|
    |ap_condition_1918     |       and|   0|  0|   2|           1|           1|
    |ap_condition_1921     |       and|   0|  0|   2|           1|           1|
    |ap_condition_1924     |       and|   0|  0|   2|           1|           1|
    |ap_condition_1927     |       and|   0|  0|   2|           1|           1|
    |ap_condition_1930     |       and|   0|  0|   2|           1|           1|
    |ap_condition_1933     |       and|   0|  0|   2|           1|           1|
    |icmp_ln16_fu_1731_p2  |      icmp|   0|  0|  11|           8|           8|
    |ap_enable_pp0         |       xor|   0|  0|   2|           1|           2|
    +----------------------+----------+----+---+----+------------+------------+
    |Total                 |          |   0|  0| 284|         145|         139|
    +----------------------+----------+----+---+----+------------+------------+

    * Multiplexer: 
    +-------------------------+----+-----------+-----+-----------+
    |           Name          | LUT| Input Size| Bits| Total Bits|
    +-------------------------+----+-----------+-----+-----------+
    |ap_done_int              |   9|          2|    1|          2|
    |ap_enable_reg_pp0_iter1  |   9|          2|    1|          2|
    |ap_sig_allocacmp_i_2     |   9|          2|    8|         16|
    |i_fu_548                 |   9|          2|    8|         16|
    |output_0                 |  14|          3|   16|         48|
    |output_1                 |  14|          3|   16|         48|
    |output_10                |  14|          3|   16|         48|
    |output_100               |  14|          3|   16|         48|
    |output_101               |  14|          3|   16|         48|
    |output_102               |  14|          3|   16|         48|
    |output_103               |  14|          3|   16|         48|
    |output_104               |  14|          3|   16|         48|
    |output_105               |  14|          3|   16|         48|
    |output_106               |  14|          3|   16|         48|
    |output_107               |  14|          3|   16|         48|
    |output_108               |  14|          3|   16|         48|
    |output_109               |  14|          3|   16|         48|
    |output_11                |  14|          3|   16|         48|
    |output_110               |  14|          3|   16|         48|
    |output_111               |  14|          3|   16|         48|
    |output_112               |  14|          3|   16|         48|
    |output_113               |  14|          3|   16|         48|
    |output_114               |  14|          3|   16|         48|
    |output_115               |  14|          3|   16|         48|
    |output_116               |  14|          3|   16|         48|
    |output_117               |  14|          3|   16|         48|
    |output_118               |  14|          3|   16|         48|
    |output_119               |  14|          3|   16|         48|
    |output_12                |  14|          3|   16|         48|
    |output_120               |  14|          3|   16|         48|
    |output_121               |  14|          3|   16|         48|
    |output_122               |  14|          3|   16|         48|
    |output_123               |  14|          3|   16|         48|
    |output_124               |  14|          3|   16|         48|
    |output_125               |  14|          3|   16|         48|
    |output_126               |  14|          3|   16|         48|
    |output_127               |  14|          3|   16|         48|
    |output_13                |  14|          3|   16|         48|
    |output_14                |  14|          3|   16|         48|
    |output_15                |  14|          3|   16|         48|
    |output_16                |  14|          3|   16|         48|
    |output_17                |  14|          3|   16|         48|
    |output_18                |  14|          3|   16|         48|
    |output_19                |  14|          3|   16|         48|
    |output_2                 |  14|          3|   16|         48|
    |output_20                |  14|          3|   16|         48|
    |output_21                |  14|          3|   16|         48|
    |output_22                |  14|          3|   16|         48|
    |output_23                |  14|          3|   16|         48|
    |output_24                |  14|          3|   16|         48|
    |output_25                |  14|          3|   16|         48|
    |output_26                |  14|          3|   16|         48|
    |output_27                |  14|          3|   16|         48|
    |output_28                |  14|          3|   16|         48|
    |output_29                |  14|          3|   16|         48|
    |output_3                 |  14|          3|   16|         48|
    |output_30                |  14|          3|   16|         48|
    |output_31                |  14|          3|   16|         48|
    |output_32                |  14|          3|   16|         48|
    |output_33                |  14|          3|   16|         48|
    |output_34                |  14|          3|   16|         48|
    |output_35                |  14|          3|   16|         48|
    |output_36                |  14|          3|   16|         48|
    |output_37                |  14|          3|   16|         48|
    |output_38                |  14|          3|   16|         48|
    |output_39                |  14|          3|   16|         48|
    |output_4                 |  14|          3|   16|         48|
    |output_40                |  14|          3|   16|         48|
    |output_41                |  14|          3|   16|         48|
    |output_42                |  14|          3|   16|         48|
    |output_43                |  14|          3|   16|         48|
    |output_44                |  14|          3|   16|         48|
    |output_45                |  14|          3|   16|         48|
    |output_46                |  14|          3|   16|         48|
    |output_47                |  14|          3|   16|         48|
    |output_48                |  14|          3|   16|         48|
    |output_49                |  14|          3|   16|         48|
    |output_5                 |  14|          3|   16|         48|
    |output_50                |  14|          3|   16|         48|
    |output_51                |  14|          3|   16|         48|
    |output_52                |  14|          3|   16|         48|
    |output_53                |  14|          3|   16|         48|
    |output_54                |  14|          3|   16|         48|
    |output_55                |  14|          3|   16|         48|
    |output_56                |  14|          3|   16|         48|
    |output_57                |  14|          3|   16|         48|
    |output_58                |  14|          3|   16|         48|
    |output_59                |  14|          3|   16|         48|
    |output_6                 |  14|          3|   16|         48|
    |output_60                |  14|          3|   16|         48|
    |output_61                |  14|          3|   16|         48|
    |output_62                |  14|          3|   16|         48|
    |output_63                |  14|          3|   16|         48|
    |output_64                |  14|          3|   16|         48|
    |output_65                |  14|          3|   16|         48|
    |output_66                |  14|          3|   16|         48|
    |output_67                |  14|          3|   16|         48|
    |output_68                |  14|          3|   16|         48|
    |output_69                |  14|          3|   16|         48|
    |output_7                 |  14|          3|   16|         48|
    |output_70                |  14|          3|   16|         48|
    |output_71                |  14|          3|   16|         48|
    |output_72                |  14|          3|   16|         48|
    |output_73                |  14|          3|   16|         48|
    |output_74                |  14|          3|   16|         48|
    |output_75                |  14|          3|   16|         48|
    |output_76                |  14|          3|   16|         48|
    |output_77                |  14|          3|   16|         48|
    |output_78                |  14|          3|   16|         48|
    |output_79                |  14|          3|   16|         48|
    |output_8                 |  14|          3|   16|         48|
    |output_80                |  14|          3|   16|         48|
    |output_81                |  14|          3|   16|         48|
    |output_82                |  14|          3|   16|         48|
    |output_83                |  14|          3|   16|         48|
    |output_84                |  14|          3|   16|         48|
    |output_85                |  14|          3|   16|         48|
    |output_86                |  14|          3|   16|         48|
    |output_87                |  14|          3|   16|         48|
    |output_88                |  14|          3|   16|         48|
    |output_89                |  14|          3|   16|         48|
    |output_9                 |  14|          3|   16|         48|
    |output_90                |  14|          3|   16|         48|
    |output_91                |  14|          3|   16|         48|
    |output_92                |  14|          3|   16|         48|
    |output_93                |  14|          3|   16|         48|
    |output_94                |  14|          3|   16|         48|
    |output_95                |  14|          3|   16|         48|
    |output_96                |  14|          3|   16|         48|
    |output_97                |  14|          3|   16|         48|
    |output_98                |  14|          3|   16|         48|
    |output_99                |  14|          3|   16|         48|
    +-------------------------+----+-----------+-----+-----------+
    |Total                    |1828|        392| 2066|       6180|
    +-------------------------+----+-----------+-----+-----------+

    * Register: 
    +-------------------------+---+----+-----+-----------+
    |           Name          | FF| LUT| Bits| Const Bits|
    +-------------------------+---+----+-----+-----------+
    |ap_CS_fsm                |  1|   0|    1|          0|
    |ap_done_reg              |  1|   0|    1|          0|
    |ap_enable_reg_pp0_iter1  |  1|   0|    1|          0|
    |i_fu_548                 |  8|   0|    8|          0|
    |trunc_ln20_reg_1780      |  7|   0|    7|          0|
    +-------------------------+---+----+-----+-----------+
    |Total                    | 18|   0|   18|          0|
    +-------------------------+---+----+-----+-----------+



================================================================
== Interface
================================================================
* Summary: 
+--------------------+-----+-----+------------+----------------------------------+--------------+
|      RTL Ports     | Dir | Bits|  Protocol  |           Source Object          |    C Type    |
+--------------------+-----+-----+------------+----------------------------------+--------------+
|ap_clk              |   in|    1|  ap_ctrl_hs|  nnlayer_Pipeline_VITIS_LOOP_16_1|  return value|
|ap_rst              |   in|    1|  ap_ctrl_hs|  nnlayer_Pipeline_VITIS_LOOP_16_1|  return value|
|ap_start            |   in|    1|  ap_ctrl_hs|  nnlayer_Pipeline_VITIS_LOOP_16_1|  return value|
|ap_done             |  out|    1|  ap_ctrl_hs|  nnlayer_Pipeline_VITIS_LOOP_16_1|  return value|
|ap_idle             |  out|    1|  ap_ctrl_hs|  nnlayer_Pipeline_VITIS_LOOP_16_1|  return value|
|ap_ready            |  out|    1|  ap_ctrl_hs|  nnlayer_Pipeline_VITIS_LOOP_16_1|  return value|
|numOfOutputNeurons  |   in|    8|     ap_none|                numOfOutputNeurons|        scalar|
|output_0            |  out|   16|      ap_vld|                          output_0|       pointer|
|output_0_ap_vld     |  out|    1|      ap_vld|                          output_0|       pointer|
|output_1            |  out|   16|      ap_vld|                          output_1|       pointer|
|output_1_ap_vld     |  out|    1|      ap_vld|                          output_1|       pointer|
|output_2            |  out|   16|      ap_vld|                          output_2|       pointer|
|output_2_ap_vld     |  out|    1|      ap_vld|                          output_2|       pointer|
|output_3            |  out|   16|      ap_vld|                          output_3|       pointer|
|output_3_ap_vld     |  out|    1|      ap_vld|                          output_3|       pointer|
|output_4            |  out|   16|      ap_vld|                          output_4|       pointer|
|output_4_ap_vld     |  out|    1|      ap_vld|                          output_4|       pointer|
|output_5            |  out|   16|      ap_vld|                          output_5|       pointer|
|output_5_ap_vld     |  out|    1|      ap_vld|                          output_5|       pointer|
|output_6            |  out|   16|      ap_vld|                          output_6|       pointer|
|output_6_ap_vld     |  out|    1|      ap_vld|                          output_6|       pointer|
|output_7            |  out|   16|      ap_vld|                          output_7|       pointer|
|output_7_ap_vld     |  out|    1|      ap_vld|                          output_7|       pointer|
|output_8            |  out|   16|      ap_vld|                          output_8|       pointer|
|output_8_ap_vld     |  out|    1|      ap_vld|                          output_8|       pointer|
|output_9            |  out|   16|      ap_vld|                          output_9|       pointer|
|output_9_ap_vld     |  out|    1|      ap_vld|                          output_9|       pointer|
|output_10           |  out|   16|      ap_vld|                         output_10|       pointer|
|output_10_ap_vld    |  out|    1|      ap_vld|                         output_10|       pointer|
|output_11           |  out|   16|      ap_vld|                         output_11|       pointer|
|output_11_ap_vld    |  out|    1|      ap_vld|                         output_11|       pointer|
|output_12           |  out|   16|      ap_vld|                         output_12|       pointer|
|output_12_ap_vld    |  out|    1|      ap_vld|                         output_12|       pointer|
|output_13           |  out|   16|      ap_vld|                         output_13|       pointer|
|output_13_ap_vld    |  out|    1|      ap_vld|                         output_13|       pointer|
|output_14           |  out|   16|      ap_vld|                         output_14|       pointer|
|output_14_ap_vld    |  out|    1|      ap_vld|                         output_14|       pointer|
|output_15           |  out|   16|      ap_vld|                         output_15|       pointer|
|output_15_ap_vld    |  out|    1|      ap_vld|                         output_15|       pointer|
|output_16           |  out|   16|      ap_vld|                         output_16|       pointer|
|output_16_ap_vld    |  out|    1|      ap_vld|                         output_16|       pointer|
|output_17           |  out|   16|      ap_vld|                         output_17|       pointer|
|output_17_ap_vld    |  out|    1|      ap_vld|                         output_17|       pointer|
|output_18           |  out|   16|      ap_vld|                         output_18|       pointer|
|output_18_ap_vld    |  out|    1|      ap_vld|                         output_18|       pointer|
|output_19           |  out|   16|      ap_vld|                         output_19|       pointer|
|output_19_ap_vld    |  out|    1|      ap_vld|                         output_19|       pointer|
|output_20           |  out|   16|      ap_vld|                         output_20|       pointer|
|output_20_ap_vld    |  out|    1|      ap_vld|                         output_20|       pointer|
|output_21           |  out|   16|      ap_vld|                         output_21|       pointer|
|output_21_ap_vld    |  out|    1|      ap_vld|                         output_21|       pointer|
|output_22           |  out|   16|      ap_vld|                         output_22|       pointer|
|output_22_ap_vld    |  out|    1|      ap_vld|                         output_22|       pointer|
|output_23           |  out|   16|      ap_vld|                         output_23|       pointer|
|output_23_ap_vld    |  out|    1|      ap_vld|                         output_23|       pointer|
|output_24           |  out|   16|      ap_vld|                         output_24|       pointer|
|output_24_ap_vld    |  out|    1|      ap_vld|                         output_24|       pointer|
|output_25           |  out|   16|      ap_vld|                         output_25|       pointer|
|output_25_ap_vld    |  out|    1|      ap_vld|                         output_25|       pointer|
|output_26           |  out|   16|      ap_vld|                         output_26|       pointer|
|output_26_ap_vld    |  out|    1|      ap_vld|                         output_26|       pointer|
|output_27           |  out|   16|      ap_vld|                         output_27|       pointer|
|output_27_ap_vld    |  out|    1|      ap_vld|                         output_27|       pointer|
|output_28           |  out|   16|      ap_vld|                         output_28|       pointer|
|output_28_ap_vld    |  out|    1|      ap_vld|                         output_28|       pointer|
|output_29           |  out|   16|      ap_vld|                         output_29|       pointer|
|output_29_ap_vld    |  out|    1|      ap_vld|                         output_29|       pointer|
|output_30           |  out|   16|      ap_vld|                         output_30|       pointer|
|output_30_ap_vld    |  out|    1|      ap_vld|                         output_30|       pointer|
|output_31           |  out|   16|      ap_vld|                         output_31|       pointer|
|output_31_ap_vld    |  out|    1|      ap_vld|                         output_31|       pointer|
|output_32           |  out|   16|      ap_vld|                         output_32|       pointer|
|output_32_ap_vld    |  out|    1|      ap_vld|                         output_32|       pointer|
|output_33           |  out|   16|      ap_vld|                         output_33|       pointer|
|output_33_ap_vld    |  out|    1|      ap_vld|                         output_33|       pointer|
|output_34           |  out|   16|      ap_vld|                         output_34|       pointer|
|output_34_ap_vld    |  out|    1|      ap_vld|                         output_34|       pointer|
|output_35           |  out|   16|      ap_vld|                         output_35|       pointer|
|output_35_ap_vld    |  out|    1|      ap_vld|                         output_35|       pointer|
|output_36           |  out|   16|      ap_vld|                         output_36|       pointer|
|output_36_ap_vld    |  out|    1|      ap_vld|                         output_36|       pointer|
|output_37           |  out|   16|      ap_vld|                         output_37|       pointer|
|output_37_ap_vld    |  out|    1|      ap_vld|                         output_37|       pointer|
|output_38           |  out|   16|      ap_vld|                         output_38|       pointer|
|output_38_ap_vld    |  out|    1|      ap_vld|                         output_38|       pointer|
|output_39           |  out|   16|      ap_vld|                         output_39|       pointer|
|output_39_ap_vld    |  out|    1|      ap_vld|                         output_39|       pointer|
|output_40           |  out|   16|      ap_vld|                         output_40|       pointer|
|output_40_ap_vld    |  out|    1|      ap_vld|                         output_40|       pointer|
|output_41           |  out|   16|      ap_vld|                         output_41|       pointer|
|output_41_ap_vld    |  out|    1|      ap_vld|                         output_41|       pointer|
|output_42           |  out|   16|      ap_vld|                         output_42|       pointer|
|output_42_ap_vld    |  out|    1|      ap_vld|                         output_42|       pointer|
|output_43           |  out|   16|      ap_vld|                         output_43|       pointer|
|output_43_ap_vld    |  out|    1|      ap_vld|                         output_43|       pointer|
|output_44           |  out|   16|      ap_vld|                         output_44|       pointer|
|output_44_ap_vld    |  out|    1|      ap_vld|                         output_44|       pointer|
|output_45           |  out|   16|      ap_vld|                         output_45|       pointer|
|output_45_ap_vld    |  out|    1|      ap_vld|                         output_45|       pointer|
|output_46           |  out|   16|      ap_vld|                         output_46|       pointer|
|output_46_ap_vld    |  out|    1|      ap_vld|                         output_46|       pointer|
|output_47           |  out|   16|      ap_vld|                         output_47|       pointer|
|output_47_ap_vld    |  out|    1|      ap_vld|                         output_47|       pointer|
|output_48           |  out|   16|      ap_vld|                         output_48|       pointer|
|output_48_ap_vld    |  out|    1|      ap_vld|                         output_48|       pointer|
|output_49           |  out|   16|      ap_vld|                         output_49|       pointer|
|output_49_ap_vld    |  out|    1|      ap_vld|                         output_49|       pointer|
|output_50           |  out|   16|      ap_vld|                         output_50|       pointer|
|output_50_ap_vld    |  out|    1|      ap_vld|                         output_50|       pointer|
|output_51           |  out|   16|      ap_vld|                         output_51|       pointer|
|output_51_ap_vld    |  out|    1|      ap_vld|                         output_51|       pointer|
|output_52           |  out|   16|      ap_vld|                         output_52|       pointer|
|output_52_ap_vld    |  out|    1|      ap_vld|                         output_52|       pointer|
|output_53           |  out|   16|      ap_vld|                         output_53|       pointer|
|output_53_ap_vld    |  out|    1|      ap_vld|                         output_53|       pointer|
|output_54           |  out|   16|      ap_vld|                         output_54|       pointer|
|output_54_ap_vld    |  out|    1|      ap_vld|                         output_54|       pointer|
|output_55           |  out|   16|      ap_vld|                         output_55|       pointer|
|output_55_ap_vld    |  out|    1|      ap_vld|                         output_55|       pointer|
|output_56           |  out|   16|      ap_vld|                         output_56|       pointer|
|output_56_ap_vld    |  out|    1|      ap_vld|                         output_56|       pointer|
|output_57           |  out|   16|      ap_vld|                         output_57|       pointer|
|output_57_ap_vld    |  out|    1|      ap_vld|                         output_57|       pointer|
|output_58           |  out|   16|      ap_vld|                         output_58|       pointer|
|output_58_ap_vld    |  out|    1|      ap_vld|                         output_58|       pointer|
|output_59           |  out|   16|      ap_vld|                         output_59|       pointer|
|output_59_ap_vld    |  out|    1|      ap_vld|                         output_59|       pointer|
|output_60           |  out|   16|      ap_vld|                         output_60|       pointer|
|output_60_ap_vld    |  out|    1|      ap_vld|                         output_60|       pointer|
|output_61           |  out|   16|      ap_vld|                         output_61|       pointer|
|output_61_ap_vld    |  out|    1|      ap_vld|                         output_61|       pointer|
|output_62           |  out|   16|      ap_vld|                         output_62|       pointer|
|output_62_ap_vld    |  out|    1|      ap_vld|                         output_62|       pointer|
|output_63           |  out|   16|      ap_vld|                         output_63|       pointer|
|output_63_ap_vld    |  out|    1|      ap_vld|                         output_63|       pointer|
|output_64           |  out|   16|      ap_vld|                         output_64|       pointer|
|output_64_ap_vld    |  out|    1|      ap_vld|                         output_64|       pointer|
|output_65           |  out|   16|      ap_vld|                         output_65|       pointer|
|output_65_ap_vld    |  out|    1|      ap_vld|                         output_65|       pointer|
|output_66           |  out|   16|      ap_vld|                         output_66|       pointer|
|output_66_ap_vld    |  out|    1|      ap_vld|                         output_66|       pointer|
|output_67           |  out|   16|      ap_vld|                         output_67|       pointer|
|output_67_ap_vld    |  out|    1|      ap_vld|                         output_67|       pointer|
|output_68           |  out|   16|      ap_vld|                         output_68|       pointer|
|output_68_ap_vld    |  out|    1|      ap_vld|                         output_68|       pointer|
|output_69           |  out|   16|      ap_vld|                         output_69|       pointer|
|output_69_ap_vld    |  out|    1|      ap_vld|                         output_69|       pointer|
|output_70           |  out|   16|      ap_vld|                         output_70|       pointer|
|output_70_ap_vld    |  out|    1|      ap_vld|                         output_70|       pointer|
|output_71           |  out|   16|      ap_vld|                         output_71|       pointer|
|output_71_ap_vld    |  out|    1|      ap_vld|                         output_71|       pointer|
|output_72           |  out|   16|      ap_vld|                         output_72|       pointer|
|output_72_ap_vld    |  out|    1|      ap_vld|                         output_72|       pointer|
|output_73           |  out|   16|      ap_vld|                         output_73|       pointer|
|output_73_ap_vld    |  out|    1|      ap_vld|                         output_73|       pointer|
|output_74           |  out|   16|      ap_vld|                         output_74|       pointer|
|output_74_ap_vld    |  out|    1|      ap_vld|                         output_74|       pointer|
|output_75           |  out|   16|      ap_vld|                         output_75|       pointer|
|output_75_ap_vld    |  out|    1|      ap_vld|                         output_75|       pointer|
|output_76           |  out|   16|      ap_vld|                         output_76|       pointer|
|output_76_ap_vld    |  out|    1|      ap_vld|                         output_76|       pointer|
|output_77           |  out|   16|      ap_vld|                         output_77|       pointer|
|output_77_ap_vld    |  out|    1|      ap_vld|                         output_77|       pointer|
|output_78           |  out|   16|      ap_vld|                         output_78|       pointer|
|output_78_ap_vld    |  out|    1|      ap_vld|                         output_78|       pointer|
|output_79           |  out|   16|      ap_vld|                         output_79|       pointer|
|output_79_ap_vld    |  out|    1|      ap_vld|                         output_79|       pointer|
|output_80           |  out|   16|      ap_vld|                         output_80|       pointer|
|output_80_ap_vld    |  out|    1|      ap_vld|                         output_80|       pointer|
|output_81           |  out|   16|      ap_vld|                         output_81|       pointer|
|output_81_ap_vld    |  out|    1|      ap_vld|                         output_81|       pointer|
|output_82           |  out|   16|      ap_vld|                         output_82|       pointer|
|output_82_ap_vld    |  out|    1|      ap_vld|                         output_82|       pointer|
|output_83           |  out|   16|      ap_vld|                         output_83|       pointer|
|output_83_ap_vld    |  out|    1|      ap_vld|                         output_83|       pointer|
|output_84           |  out|   16|      ap_vld|                         output_84|       pointer|
|output_84_ap_vld    |  out|    1|      ap_vld|                         output_84|       pointer|
|output_85           |  out|   16|      ap_vld|                         output_85|       pointer|
|output_85_ap_vld    |  out|    1|      ap_vld|                         output_85|       pointer|
|output_86           |  out|   16|      ap_vld|                         output_86|       pointer|
|output_86_ap_vld    |  out|    1|      ap_vld|                         output_86|       pointer|
|output_87           |  out|   16|      ap_vld|                         output_87|       pointer|
|output_87_ap_vld    |  out|    1|      ap_vld|                         output_87|       pointer|
|output_88           |  out|   16|      ap_vld|                         output_88|       pointer|
|output_88_ap_vld    |  out|    1|      ap_vld|                         output_88|       pointer|
|output_89           |  out|   16|      ap_vld|                         output_89|       pointer|
|output_89_ap_vld    |  out|    1|      ap_vld|                         output_89|       pointer|
|output_90           |  out|   16|      ap_vld|                         output_90|       pointer|
|output_90_ap_vld    |  out|    1|      ap_vld|                         output_90|       pointer|
|output_91           |  out|   16|      ap_vld|                         output_91|       pointer|
|output_91_ap_vld    |  out|    1|      ap_vld|                         output_91|       pointer|
|output_92           |  out|   16|      ap_vld|                         output_92|       pointer|
|output_92_ap_vld    |  out|    1|      ap_vld|                         output_92|       pointer|
|output_93           |  out|   16|      ap_vld|                         output_93|       pointer|
|output_93_ap_vld    |  out|    1|      ap_vld|                         output_93|       pointer|
|output_94           |  out|   16|      ap_vld|                         output_94|       pointer|
|output_94_ap_vld    |  out|    1|      ap_vld|                         output_94|       pointer|
|output_95           |  out|   16|      ap_vld|                         output_95|       pointer|
|output_95_ap_vld    |  out|    1|      ap_vld|                         output_95|       pointer|
|output_96           |  out|   16|      ap_vld|                         output_96|       pointer|
|output_96_ap_vld    |  out|    1|      ap_vld|                         output_96|       pointer|
|output_97           |  out|   16|      ap_vld|                         output_97|       pointer|
|output_97_ap_vld    |  out|    1|      ap_vld|                         output_97|       pointer|
|output_98           |  out|   16|      ap_vld|                         output_98|       pointer|
|output_98_ap_vld    |  out|    1|      ap_vld|                         output_98|       pointer|
|output_99           |  out|   16|      ap_vld|                         output_99|       pointer|
|output_99_ap_vld    |  out|    1|      ap_vld|                         output_99|       pointer|
|output_100          |  out|   16|      ap_vld|                        output_100|       pointer|
|output_100_ap_vld   |  out|    1|      ap_vld|                        output_100|       pointer|
|output_101          |  out|   16|      ap_vld|                        output_101|       pointer|
|output_101_ap_vld   |  out|    1|      ap_vld|                        output_101|       pointer|
|output_102          |  out|   16|      ap_vld|                        output_102|       pointer|
|output_102_ap_vld   |  out|    1|      ap_vld|                        output_102|       pointer|
|output_103          |  out|   16|      ap_vld|                        output_103|       pointer|
|output_103_ap_vld   |  out|    1|      ap_vld|                        output_103|       pointer|
|output_104          |  out|   16|      ap_vld|                        output_104|       pointer|
|output_104_ap_vld   |  out|    1|      ap_vld|                        output_104|       pointer|
|output_105          |  out|   16|      ap_vld|                        output_105|       pointer|
|output_105_ap_vld   |  out|    1|      ap_vld|                        output_105|       pointer|
|output_106          |  out|   16|      ap_vld|                        output_106|       pointer|
|output_106_ap_vld   |  out|    1|      ap_vld|                        output_106|       pointer|
|output_107          |  out|   16|      ap_vld|                        output_107|       pointer|
|output_107_ap_vld   |  out|    1|      ap_vld|                        output_107|       pointer|
|output_108          |  out|   16|      ap_vld|                        output_108|       pointer|
|output_108_ap_vld   |  out|    1|      ap_vld|                        output_108|       pointer|
|output_109          |  out|   16|      ap_vld|                        output_109|       pointer|
|output_109_ap_vld   |  out|    1|      ap_vld|                        output_109|       pointer|
|output_110          |  out|   16|      ap_vld|                        output_110|       pointer|
|output_110_ap_vld   |  out|    1|      ap_vld|                        output_110|       pointer|
|output_111          |  out|   16|      ap_vld|                        output_111|       pointer|
|output_111_ap_vld   |  out|    1|      ap_vld|                        output_111|       pointer|
|output_112          |  out|   16|      ap_vld|                        output_112|       pointer|
|output_112_ap_vld   |  out|    1|      ap_vld|                        output_112|       pointer|
|output_113          |  out|   16|      ap_vld|                        output_113|       pointer|
|output_113_ap_vld   |  out|    1|      ap_vld|                        output_113|       pointer|
|output_114          |  out|   16|      ap_vld|                        output_114|       pointer|
|output_114_ap_vld   |  out|    1|      ap_vld|                        output_114|       pointer|
|output_115          |  out|   16|      ap_vld|                        output_115|       pointer|
|output_115_ap_vld   |  out|    1|      ap_vld|                        output_115|       pointer|
|output_116          |  out|   16|      ap_vld|                        output_116|       pointer|
|output_116_ap_vld   |  out|    1|      ap_vld|                        output_116|       pointer|
|output_117          |  out|   16|      ap_vld|                        output_117|       pointer|
|output_117_ap_vld   |  out|    1|      ap_vld|                        output_117|       pointer|
|output_118          |  out|   16|      ap_vld|                        output_118|       pointer|
|output_118_ap_vld   |  out|    1|      ap_vld|                        output_118|       pointer|
|output_119          |  out|   16|      ap_vld|                        output_119|       pointer|
|output_119_ap_vld   |  out|    1|      ap_vld|                        output_119|       pointer|
|output_120          |  out|   16|      ap_vld|                        output_120|       pointer|
|output_120_ap_vld   |  out|    1|      ap_vld|                        output_120|       pointer|
|output_121          |  out|   16|      ap_vld|                        output_121|       pointer|
|output_121_ap_vld   |  out|    1|      ap_vld|                        output_121|       pointer|
|output_122          |  out|   16|      ap_vld|                        output_122|       pointer|
|output_122_ap_vld   |  out|    1|      ap_vld|                        output_122|       pointer|
|output_123          |  out|   16|      ap_vld|                        output_123|       pointer|
|output_123_ap_vld   |  out|    1|      ap_vld|                        output_123|       pointer|
|output_124          |  out|   16|      ap_vld|                        output_124|       pointer|
|output_124_ap_vld   |  out|    1|      ap_vld|                        output_124|       pointer|
|output_125          |  out|   16|      ap_vld|                        output_125|       pointer|
|output_125_ap_vld   |  out|    1|      ap_vld|                        output_125|       pointer|
|output_126          |  out|   16|      ap_vld|                        output_126|       pointer|
|output_126_ap_vld   |  out|    1|      ap_vld|                        output_126|       pointer|
|output_127          |  out|   16|      ap_vld|                        output_127|       pointer|
|output_127_ap_vld   |  out|    1|      ap_vld|                        output_127|       pointer|
|output_V_address0   |  out|    7|   ap_memory|                          output_V|         array|
|output_V_ce0        |  out|    1|   ap_memory|                          output_V|         array|
|output_V_q0         |   in|   16|   ap_memory|                          output_V|         array|
+--------------------+-----+-----+------------+----------------------------------+--------------+

