Copyright 1986-2021 Xilinx, Inc. All Rights Reserved.
---------------------------------------------------------------------------------------------
| Tool Version : Vivado v.2021.2 (win64) Build 3367213 Tue Oct 19 02:48:09 MDT 2021
| Date         : Tue Apr 19 09:53:57 2022
| Host         : DESKTOP-IFL7HB3 running 64-bit major release  (build 9200)
| Command      : report_control_sets -verbose -file design_1_wrapper_control_sets_placed.rpt
| Design       : design_1_wrapper
| Device       : xc7z020
---------------------------------------------------------------------------------------------

Control Set Information

Table of Contents
-----------------
1. Summary
2. Histogram
3. Flip-Flop Distribution
4. Detailed Control Set Information

1. Summary
----------

+----------------------------------------------------------+-------+
|                          Status                          | Count |
+----------------------------------------------------------+-------+
| Total control sets                                       |    71 |
|    Minimum number of control sets                        |    71 |
|    Addition due to synthesis replication                 |     0 |
|    Addition due to physical synthesis replication        |     0 |
| Unused register locations in slices containing registers |   130 |
+----------------------------------------------------------+-------+
* Control sets can be merged at opt_design using control_set_merge or merge_equivalent_drivers
** Run report_qor_suggestions for automated merging and remapping suggestions


2. Histogram
------------

+--------------------+-------+
|       Fanout       | Count |
+--------------------+-------+
| Total control sets |    71 |
| >= 0 to < 4        |     2 |
| >= 4 to < 6        |     6 |
| >= 6 to < 8        |    11 |
| >= 8 to < 10       |    16 |
| >= 10 to < 12      |     1 |
| >= 12 to < 14      |     5 |
| >= 14 to < 16      |     2 |
| >= 16              |    28 |
+--------------------+-------+
* Control sets can be remapped at either synth_design or opt_design


3. Flip-Flop Distribution
-------------------------

+--------------+-----------------------+------------------------+-----------------+--------------+
| Clock Enable | Synchronous Set/Reset | Asynchronous Set/Reset | Total Registers | Total Slices |
+--------------+-----------------------+------------------------+-----------------+--------------+
| No           | No                    | No                     |            1403 |          361 |
| No           | No                    | Yes                    |               0 |            0 |
| No           | Yes                   | No                     |             249 |           78 |
| Yes          | No                    | No                     |             743 |          215 |
| Yes          | No                    | Yes                    |               0 |            0 |
| Yes          | Yes                   | No                     |             235 |           71 |
+--------------+-----------------------+------------------------+-----------------+--------------+


4. Detailed Control Set Information
-----------------------------------

+-------------------------------------------------+----------------------------------------------------------------------------------------------------------------------------------------------------------------------------------+-------------------------------------------------------------------------------------------------------------------------------------------------------+------------------+----------------+--------------+
|                   Clock Signal                  |                                                                                   Enable Signal                                                                                  |                                                                    Set/Reset Signal                                                                   | Slice Load Count | Bel Load Count | Bels / Slice |
+-------------------------------------------------+----------------------------------------------------------------------------------------------------------------------------------------------------------------------------------+-------------------------------------------------------------------------------------------------------------------------------------------------------+------------------+----------------+--------------+
|  design_1_i/processing_system7_0/inst/FCLK_CLK0 | design_1_i/ps7_0_axi_periph/s00_couplers/auto_pc/inst/gen_axilite.gen_b2s_conv.axilite_b2s/WR.aw_channel_0/aw_cmd_fsm_0/FSM_sequential_state_reg[0]_1                            | design_1_i/ps7_0_axi_periph/s00_couplers/auto_pc/inst/gen_axilite.gen_b2s_conv.axilite_b2s/WR.aw_channel_0/aw_cmd_fsm_0/FSM_sequential_state_reg[0]_0 |                1 |              1 |         1.00 |
|  design_1_i/processing_system7_0/inst/FCLK_CLK0 | design_1_i/ps7_0_axi_periph/s00_couplers/auto_pc/inst/gen_axilite.gen_b2s_conv.axilite_b2s/WR.b_channel_0/bid_fifo_0/sel                                                         |                                                                                                                                                       |                1 |              2 |         2.00 |
|  design_1_i/processing_system7_0/inst/FCLK_CLK0 | design_1_i/ps7_0_axi_periph/s00_couplers/auto_pc/inst/gen_axilite.gen_b2s_conv.axilite_b2s/RD.ar_channel_0/ar_cmd_fsm_0/m_axi_arready_2                                          | design_1_i/ps7_0_axi_periph/s00_couplers/auto_pc/inst/gen_axilite.gen_b2s_conv.axilite_b2s/RD.ar_channel_0/ar_cmd_fsm_0/FSM_sequential_state_reg[1]_0 |                2 |              4 |         2.00 |
|  design_1_i/processing_system7_0/inst/FCLK_CLK0 |                                                                                                                                                                                  | design_1_i/ps7_0_axi_periph/s00_couplers/auto_pc/inst/gen_axilite.gen_b2s_conv.axilite_b2s/SI_REG/ar.ar_pipe/aresetn_d_reg[1]_inv_0                   |                3 |              4 |         1.33 |
|  design_1_i/processing_system7_0/inst/FCLK_CLK0 |                                                                                                                                                                                  | design_1_i/ps7_0_axi_periph/s00_couplers/auto_pc/inst/gen_axilite.gen_b2s_conv.axilite_b2s/SI_REG/aw.aw_pipe/aresetn_d_reg[0]_0                       |                2 |              4 |         2.00 |
|  design_1_i/processing_system7_0/inst/FCLK_CLK0 |                                                                                                                                                                                  | design_1_i/rst_ps7_0_50M/U0/EXT_LPF/lpf_int                                                                                                           |                3 |              4 |         1.33 |
|  design_1_i/processing_system7_0/inst/FCLK_CLK0 | design_1_i/ps7_0_axi_periph/s00_couplers/auto_pc/inst/gen_axilite.gen_b2s_conv.axilite_b2s/RD.r_channel_0/rd_data_fifo_0/cnt_read[4]_i_1__0_n_0                                  | design_1_i/ps7_0_axi_periph/s00_couplers/auto_pc/inst/gen_axilite.gen_b2s_conv.axilite_b2s/areset_d1                                                  |                2 |              5 |         2.50 |
|  design_1_i/processing_system7_0/inst/FCLK_CLK0 | design_1_i/ps7_0_axi_periph/s00_couplers/auto_pc/inst/gen_axilite.gen_b2s_conv.axilite_b2s/RD.r_channel_0/transaction_fifo_0/cnt_read[4]_i_1_n_0                                 | design_1_i/ps7_0_axi_periph/s00_couplers/auto_pc/inst/gen_axilite.gen_b2s_conv.axilite_b2s/areset_d1                                                  |                2 |              5 |         2.50 |
|  design_1_i/processing_system7_0/inst/FCLK_CLK0 | design_1_i/nnlayer_0/inst/control_s_axi_U/int_ier12_out                                                                                                                          | design_1_i/nnlayer_0/inst/ap_rst_n_inv                                                                                                                |                4 |              6 |         1.50 |
|  design_1_i/processing_system7_0/inst/FCLK_CLK0 | design_1_i/rst_ps7_0_50M/U0/SEQ/seq_cnt_en                                                                                                                                       | design_1_i/rst_ps7_0_50M/U0/SEQ/SEQ_COUNTER/clear                                                                                                     |                1 |              6 |         6.00 |
|  design_1_i/processing_system7_0/inst/FCLK_CLK0 | design_1_i/nnlayer_0/inst/storemerge8_reg_268[31]_i_2_n_13                                                                                                                       | design_1_i/nnlayer_0/inst/storemerge8_reg_268[31]_i_1_n_13                                                                                            |                2 |              6 |         3.00 |
|  design_1_i/processing_system7_0/inst/FCLK_CLK0 | design_1_i/nnlayer_0/inst/grp_nnlayer_Pipeline_VITIS_LOOP_116_1_fu_318/flow_control_loop_pipe_sequential_init_U/E[0]                                                             |                                                                                                                                                       |                3 |              7 |         2.33 |
|  design_1_i/processing_system7_0/inst/FCLK_CLK0 | design_1_i/nnlayer_0/inst/grp_nnlayer_Pipeline_VITIS_LOOP_16_1_fu_309/flow_control_loop_pipe_sequential_init_U/E[0]                                                              |                                                                                                                                                       |                5 |              7 |         1.40 |
|  design_1_i/processing_system7_0/inst/FCLK_CLK0 | design_1_i/nnlayer_0/inst/ap_NS_fsm[9]                                                                                                                                           |                                                                                                                                                       |                2 |              7 |         3.50 |
|  design_1_i/processing_system7_0/inst/FCLK_CLK0 | design_1_i/nnlayer_0/inst/grp_nnlayer_Pipeline_VITIS_LOOP_87_1_fu_282/flow_control_loop_pipe_sequential_init_U/i_fu_46_reg[7]_i_4_0[0]                                           |                                                                                                                                                       |                2 |              7 |         3.50 |
|  design_1_i/processing_system7_0/inst/FCLK_CLK0 | design_1_i/nnlayer_0/inst/output_V_addr_reg_8420                                                                                                                                 |                                                                                                                                                       |                3 |              7 |         2.33 |
|  design_1_i/processing_system7_0/inst/FCLK_CLK0 | design_1_i/nnlayer_0/inst/ap_CS_fsm_state11                                                                                                                                      |                                                                                                                                                       |                3 |              7 |         2.33 |
|  design_1_i/processing_system7_0/inst/FCLK_CLK0 | design_1_i/nnlayer_0/inst/i_9_fu_18405_out                                                                                                                                       |                                                                                                                                                       |                2 |              7 |         3.50 |
|  design_1_i/processing_system7_0/inst/FCLK_CLK0 | design_1_i/nnlayer_0/inst/grp_nnlayer_Pipeline_VITIS_LOOP_30_1_fu_300/flow_control_loop_pipe_sequential_init_U/numOfOutputNeurons_read_reg_781_reg[6][0]                         |                                                                                                                                                       |                5 |              7 |         1.40 |
|  design_1_i/processing_system7_0/inst/FCLK_CLK0 | design_1_i/ps7_0_axi_periph/s00_couplers/auto_pc/inst/gen_axilite.gen_b2s_conv.axilite_b2s/WR.b_channel_0/mhandshake_r                                                           | design_1_i/ps7_0_axi_periph/s00_couplers/auto_pc/inst/gen_axilite.gen_b2s_conv.axilite_b2s/WR.b_channel_0/bid_fifo_0/SR[0]                            |                3 |              8 |         2.67 |
|  design_1_i/processing_system7_0/inst/FCLK_CLK0 | design_1_i/nnlayer_0/inst/grp_nnlayer_Pipeline_VITIS_LOOP_16_1_fu_309/flow_control_loop_pipe_sequential_init_U/grp_nnlayer_Pipeline_VITIS_LOOP_16_1_fu_309_ap_start_reg_reg[0]   | design_1_i/nnlayer_0/inst/grp_nnlayer_Pipeline_VITIS_LOOP_16_1_fu_309/flow_control_loop_pipe_sequential_init_U/SR[0]                                  |                2 |              8 |         4.00 |
|  design_1_i/processing_system7_0/inst/FCLK_CLK0 | design_1_i/nnlayer_0/inst/control_s_axi_U/int_activation[7]_i_1_n_13                                                                                                             | design_1_i/nnlayer_0/inst/ap_rst_n_inv                                                                                                                |                2 |              8 |         4.00 |
|  design_1_i/processing_system7_0/inst/FCLK_CLK0 | design_1_i/nnlayer_0/inst/grp_nnlayer_Pipeline_VITIS_LOOP_116_1_fu_318/flow_control_loop_pipe_sequential_init_U/grp_nnlayer_Pipeline_VITIS_LOOP_116_1_fu_318_ap_start_reg_reg[0] | design_1_i/nnlayer_0/inst/grp_nnlayer_Pipeline_VITIS_LOOP_116_1_fu_318/flow_control_loop_pipe_sequential_init_U/SR[0]                                 |                3 |              8 |         2.67 |
|  design_1_i/processing_system7_0/inst/FCLK_CLK0 | design_1_i/nnlayer_0/inst/grp_nnlayer_Pipeline_VITIS_LOOP_30_1_fu_300/flow_control_loop_pipe_sequential_init_U/E[0]                                                              | design_1_i/nnlayer_0/inst/grp_nnlayer_Pipeline_VITIS_LOOP_30_1_fu_300/flow_control_loop_pipe_sequential_init_U/SR[0]                                  |                2 |              8 |         4.00 |
|  design_1_i/processing_system7_0/inst/FCLK_CLK0 | design_1_i/nnlayer_0/inst/grp_nnlayer_Pipeline_VITIS_LOOP_45_1_fu_292/overflow_4_fu_46                                                                                           | design_1_i/nnlayer_0/inst/grp_nnlayer_Pipeline_VITIS_LOOP_45_1_fu_292/flow_control_loop_pipe_sequential_init_U/ap_loop_init                           |                3 |              8 |         2.67 |
|  design_1_i/processing_system7_0/inst/FCLK_CLK0 | design_1_i/nnlayer_0/inst/grp_nnlayer_Pipeline_VITIS_LOOP_87_1_fu_282/flow_control_loop_pipe_sequential_init_U/E[0]                                                              | design_1_i/nnlayer_0/inst/grp_nnlayer_Pipeline_VITIS_LOOP_87_1_fu_282/flow_control_loop_pipe_sequential_init_U/SR[0]                                  |                3 |              8 |         2.67 |
|  design_1_i/processing_system7_0/inst/FCLK_CLK0 | design_1_i/nnlayer_0/inst/grp_nnlayer_Pipeline_VITIS_LOOP_45_1_fu_292/flow_control_loop_pipe_sequential_init_U/E[0]                                                              | design_1_i/nnlayer_0/inst/grp_nnlayer_Pipeline_VITIS_LOOP_45_1_fu_292/flow_control_loop_pipe_sequential_init_U/SR[0]                                  |                2 |              8 |         4.00 |
|  design_1_i/processing_system7_0/inst/FCLK_CLK0 | design_1_i/nnlayer_0/inst/outNeurons_2_reg_8320                                                                                                                                  |                                                                                                                                                       |                2 |              8 |         4.00 |
|  design_1_i/processing_system7_0/inst/FCLK_CLK0 | design_1_i/nnlayer_0/inst/i_9_fu_18405_out                                                                                                                                       | design_1_i/nnlayer_0/inst/i_9_fu_1840                                                                                                                 |                2 |              8 |         4.00 |
|  design_1_i/processing_system7_0/inst/FCLK_CLK0 | design_1_i/nnlayer_0/inst/ap_CS_fsm_state47                                                                                                                                      | design_1_i/nnlayer_0/inst/ap_NS_fsm119_out                                                                                                            |                2 |              8 |         4.00 |
|  design_1_i/processing_system7_0/inst/FCLK_CLK0 | design_1_i/nnlayer_0/inst/udiv_26ns_26s_26_30_seq_1_U27/start0                                                                                                                   |                                                                                                                                                       |                2 |              8 |         4.00 |
|  design_1_i/processing_system7_0/inst/FCLK_CLK0 | design_1_i/nnlayer_0/inst/ap_CS_fsm_state8                                                                                                                                       |                                                                                                                                                       |                3 |              8 |         2.67 |
|  design_1_i/processing_system7_0/inst/FCLK_CLK0 | design_1_i/nnlayer_0/inst/ap_CS_fsm_state6                                                                                                                                       | design_1_i/nnlayer_0/inst/control_s_axi_U/SR[0]                                                                                                       |                2 |              8 |         4.00 |
|  design_1_i/processing_system7_0/inst/FCLK_CLK0 | design_1_i/nnlayer_0/inst/ap_CS_fsm_state9                                                                                                                                       |                                                                                                                                                       |                3 |              8 |         2.67 |
|  design_1_i/processing_system7_0/inst/FCLK_CLK0 | design_1_i/nnlayer_0/inst/ap_CS_fsm_state16                                                                                                                                      |                                                                                                                                                       |                4 |              9 |         2.25 |
|  design_1_i/processing_system7_0/inst/FCLK_CLK0 |                                                                                                                                                                                  | design_1_i/ps7_0_axi_periph/s00_couplers/auto_pc/inst/gen_axilite.gen_b2s_conv.axilite_b2s/areset_d1                                                  |                5 |             10 |         2.00 |
|  design_1_i/processing_system7_0/inst/FCLK_CLK0 | design_1_i/ps7_0_axi_periph/s00_couplers/auto_pc/inst/gen_axilite.gen_b2s_conv.axilite_b2s/RD.ar_channel_0/ar_cmd_fsm_0/E[0]                                                     |                                                                                                                                                       |                4 |             12 |         3.00 |
|  design_1_i/processing_system7_0/inst/FCLK_CLK0 | design_1_i/ps7_0_axi_periph/s00_couplers/auto_pc/inst/gen_axilite.gen_b2s_conv.axilite_b2s/RD.ar_channel_0/ar_cmd_fsm_0/sel_first_reg[0]                                         |                                                                                                                                                       |                4 |             12 |         3.00 |
|  design_1_i/processing_system7_0/inst/FCLK_CLK0 | design_1_i/ps7_0_axi_periph/s00_couplers/auto_pc/inst/gen_axilite.gen_b2s_conv.axilite_b2s/WR.aw_channel_0/cmd_translator_0/incr_cmd_0/axaddr_incr[11]_i_1_n_0                   |                                                                                                                                                       |                2 |             12 |         6.00 |
|  design_1_i/processing_system7_0/inst/FCLK_CLK0 | design_1_i/ps7_0_axi_periph/s00_couplers/auto_pc/inst/gen_axilite.gen_b2s_conv.axilite_b2s/WR.aw_channel_0/aw_cmd_fsm_0/m_valid_i_reg[0]                                         |                                                                                                                                                       |                4 |             12 |         3.00 |
|  design_1_i/processing_system7_0/inst/FCLK_CLK0 | design_1_i/ps7_0_axi_periph/s00_couplers/auto_pc/inst/gen_axilite.gen_b2s_conv.axilite_b2s/RD.r_channel_0/r_push_r                                                               |                                                                                                                                                       |                4 |             13 |         3.25 |
|  design_1_i/processing_system7_0/inst/FCLK_CLK0 | design_1_i/ps7_0_axi_periph/s00_couplers/auto_pc/inst/gen_axilite.gen_b2s_conv.axilite_b2s/SI_REG/b.b_pipe/s_ready_i_reg_0                                                       |                                                                                                                                                       |                3 |             14 |         4.67 |
|  design_1_i/processing_system7_0/inst/FCLK_CLK0 | design_1_i/ps7_0_axi_periph/s00_couplers/auto_pc/inst/gen_axilite.gen_b2s_conv.axilite_b2s/SI_REG/b.b_pipe/p_1_in                                                                |                                                                                                                                                       |                2 |             14 |         7.00 |
|  design_1_i/processing_system7_0/inst/FCLK_CLK0 | design_1_i/nnlayer_0/inst/udiv_56ns_56ns_16_60_seq_1_U29/nnlayer_udiv_56ns_56ns_16_60_seq_1_divseq_u/E[0]                                                                        |                                                                                                                                                       |                6 |             16 |         2.67 |
|  design_1_i/processing_system7_0/inst/FCLK_CLK0 | design_1_i/nnlayer_0/inst/grp_nnlayer_Pipeline_VITIS_LOOP_96_2_fu_327/inNeurons_fu_620                                                                                           | design_1_i/nnlayer_0/inst/grp_nnlayer_Pipeline_VITIS_LOOP_96_2_fu_327/flow_control_loop_pipe_sequential_init_U/SR[0]                                  |                5 |             16 |         3.20 |
|  design_1_i/processing_system7_0/inst/FCLK_CLK0 | design_1_i/nnlayer_0/inst/reg_3430                                                                                                                                               |                                                                                                                                                       |                5 |             16 |         3.20 |
|  design_1_i/processing_system7_0/inst/FCLK_CLK0 | design_1_i/nnlayer_0/inst/ap_CS_fsm_state14                                                                                                                                      |                                                                                                                                                       |                4 |             16 |         4.00 |
|  design_1_i/processing_system7_0/inst/FCLK_CLK0 | design_1_i/nnlayer_0/inst/control_s_axi_U/int_numOfOutputNeurons[15]_i_1_n_13                                                                                                    | design_1_i/nnlayer_0/inst/ap_rst_n_inv                                                                                                                |                3 |             16 |         5.33 |
|  design_1_i/processing_system7_0/inst/FCLK_CLK0 | design_1_i/nnlayer_0/inst/control_s_axi_U/int_numOfInNeurons[15]_i_1_n_13                                                                                                        | design_1_i/nnlayer_0/inst/ap_rst_n_inv                                                                                                                |                3 |             16 |         5.33 |
|  design_1_i/processing_system7_0/inst/FCLK_CLK0 | design_1_i/nnlayer_0/inst/control_s_axi_U/aw_hs                                                                                                                                  |                                                                                                                                                       |                5 |             16 |         3.20 |
|  design_1_i/processing_system7_0/inst/FCLK_CLK0 | design_1_i/nnlayer_0/inst/ap_CS_fsm_state15                                                                                                                                      |                                                                                                                                                       |                3 |             16 |         5.33 |
|  design_1_i/processing_system7_0/inst/FCLK_CLK0 |                                                                                                                                                                                  | design_1_i/nnlayer_0/inst/grp_nnlayer_Pipeline_VITIS_LOOP_30_1_fu_300/sdiv_24ns_17s_24_28_1_U15/nnlayer_sdiv_24ns_17s_24_28_1_divider_u/p_0_in        |                5 |             16 |         3.20 |
|  design_1_i/processing_system7_0/inst/FCLK_CLK0 | design_1_i/ps7_0_axi_periph/s00_couplers/auto_pc/inst/gen_axilite.gen_b2s_conv.axilite_b2s/WR.aw_channel_0/aw_cmd_fsm_0/m_axi_awready_0                                          |                                                                                                                                                       |                3 |             16 |         5.33 |
|  design_1_i/processing_system7_0/inst/FCLK_CLK0 | design_1_i/nnlayer_0/inst/ap_CS_fsm_state46                                                                                                                                      |                                                                                                                                                       |                5 |             18 |         3.60 |
|  design_1_i/processing_system7_0/inst/FCLK_CLK0 | design_1_i/ps7_0_axi_periph/s00_couplers/auto_pc/inst/gen_axilite.gen_b2s_conv.axilite_b2s/RD.ar_channel_0/ar_cmd_fsm_0/m_axi_arready_2                                          |                                                                                                                                                       |               11 |             21 |         1.91 |
|  design_1_i/processing_system7_0/inst/FCLK_CLK0 | design_1_i/ps7_0_axi_periph/s00_couplers/auto_pc/inst/gen_axilite.gen_b2s_conv.axilite_b2s/WR.aw_channel_0/aw_cmd_fsm_0/FSM_sequential_state_reg[0]_1                            |                                                                                                                                                       |                9 |             24 |         2.67 |
|  design_1_i/processing_system7_0/inst/FCLK_CLK0 | design_1_i/nnlayer_0/inst/storemerge8_reg_268[31]_i_2_n_13                                                                                                                       | design_1_i/nnlayer_0/inst/storemerge8_reg_268[25]_i_1_n_13                                                                                            |                9 |             26 |         2.89 |
|  design_1_i/processing_system7_0/inst/FCLK_CLK0 | design_1_i/nnlayer_0/inst/control_s_axi_U/rdata[31]_i_1_n_13                                                                                                                     |                                                                                                                                                       |               19 |             32 |         1.68 |
|  design_1_i/processing_system7_0/inst/FCLK_CLK0 | design_1_i/ps7_0_axi_periph/s00_couplers/auto_pc/inst/gen_axilite.gen_b2s_conv.axilite_b2s/RD.r_channel_0/rd_data_fifo_0/wr_en0                                                  |                                                                                                                                                       |                8 |             32 |         4.00 |
|  design_1_i/processing_system7_0/inst/FCLK_CLK0 | design_1_i/ps7_0_axi_periph/s00_couplers/auto_pc/inst/gen_axilite.gen_b2s_conv.axilite_b2s/RD.ar_channel_0/ar_cmd_fsm_0/m_valid_i_reg[0]                                         |                                                                                                                                                       |                6 |             36 |         6.00 |
|  design_1_i/processing_system7_0/inst/FCLK_CLK0 | design_1_i/ps7_0_axi_periph/s00_couplers/auto_pc/inst/gen_axilite.gen_b2s_conv.axilite_b2s/SI_REG/ar.ar_pipe/s_ready_i_reg_0                                                     |                                                                                                                                                       |                7 |             36 |         5.14 |
|  design_1_i/processing_system7_0/inst/FCLK_CLK0 | design_1_i/ps7_0_axi_periph/s00_couplers/auto_pc/inst/gen_axilite.gen_b2s_conv.axilite_b2s/SI_REG/aw.aw_pipe/s_ready_i_reg_0                                                     |                                                                                                                                                       |                8 |             36 |         4.50 |
|  design_1_i/processing_system7_0/inst/FCLK_CLK0 | design_1_i/ps7_0_axi_periph/s00_couplers/auto_pc/inst/gen_axilite.gen_b2s_conv.axilite_b2s/WR.aw_channel_0/aw_cmd_fsm_0/E[0]                                                     |                                                                                                                                                       |                5 |             36 |         7.20 |
|  design_1_i/processing_system7_0/inst/FCLK_CLK0 | design_1_i/nnlayer_0/inst/ap_CS_fsm_state48                                                                                                                                      | design_1_i/nnlayer_0/inst/ap_NS_fsm119_out                                                                                                            |               11 |             40 |         3.64 |
|  design_1_i/processing_system7_0/inst/FCLK_CLK0 | design_1_i/nnlayer_0/inst/ap_CS_fsm_state1                                                                                                                                       |                                                                                                                                                       |               10 |             41 |         4.10 |
|  design_1_i/processing_system7_0/inst/FCLK_CLK0 | design_1_i/ps7_0_axi_periph/s00_couplers/auto_pc/inst/gen_axilite.gen_b2s_conv.axilite_b2s/SI_REG/r.r_pipe/s_ready_i_reg_0                                                       |                                                                                                                                                       |               10 |             45 |         4.50 |
|  design_1_i/processing_system7_0/inst/FCLK_CLK0 | design_1_i/ps7_0_axi_periph/s00_couplers/auto_pc/inst/gen_axilite.gen_b2s_conv.axilite_b2s/SI_REG/r.r_pipe/p_1_in                                                                |                                                                                                                                                       |                9 |             45 |         5.00 |
|  design_1_i/processing_system7_0/inst/FCLK_CLK0 | design_1_i/nnlayer_0/inst/trunc_ln1201_reg_9200                                                                                                                                  |                                                                                                                                                       |               15 |             48 |         3.20 |
|  design_1_i/processing_system7_0/inst/FCLK_CLK0 | design_1_i/nnlayer_0/inst/udiv_56ns_56ns_16_60_seq_1_U29/start0                                                                                                                  |                                                                                                                                                       |               20 |             72 |         3.60 |
|  design_1_i/processing_system7_0/inst/FCLK_CLK0 |                                                                                                                                                                                  | design_1_i/nnlayer_0/inst/ap_rst_n_inv                                                                                                                |               60 |            211 |         3.52 |
|  design_1_i/processing_system7_0/inst/FCLK_CLK0 |                                                                                                                                                                                  |                                                                                                                                                       |              362 |           1447 |         4.00 |
+-------------------------------------------------+----------------------------------------------------------------------------------------------------------------------------------------------------------------------------------+-------------------------------------------------------------------------------------------------------------------------------------------------------+------------------+----------------+--------------+


